// Jest Snapshot v1, https://goo.gl/fbAQLP

exports[`Text: text-regular-400 1`] = `
.c0 {
  font-family: 'PT Sans',sans-serif;
  font-style: regular;
  font-weight: 400;
}

<p
  class="c0"
>
  Text
</p>
`;
