// Jest Snapshot v1, https://goo.gl/fbAQLP

exports[`Filter 1`] = `
.c1 {
  font-family: 'PT Sans',sans-serif;
  font-style: regular;
  font-weight: 700;
}

.c5 {
  font-family: 'PT Sans',sans-serif;
  font-style: regular;
  font-weight: 400;
}

.c8 {
  background-color: #F7B628;
  border: none;
  border-radius: 8px;
  color: black;
  outline: none;
  padding: 10px 28px;
  -webkit-transition: background-color 0.1s ease-in-out;
  transition: background-color 0.1s ease-in-out;
}

.c6 {
  border: 1px black solid;
  border-radius: 4px;
  font-family: 'PT Sans',sans-serif;
  margin-top: 4px;
  padding: 4px;
  width: 80px;
}

.c7 {
  margin: 0 8px;
}

.c4 {
  border: 1px black solid;
  border-radius: 4px;
  font-family: 'PT Sans',sans-serif;
  margin-top: 4px;
  padding: 4px;
}

.c0 {
  background-color: white;
  border-radius: 16px;
  display: -webkit-box;
  display: -webkit-flex;
  display: -ms-flexbox;
  display: flex;
  -webkit-flex-direction: column;
  -ms-flex-direction: column;
  flex-direction: column;
  -webkit-box-pack: center;
  -webkit-justify-content: center;
  -ms-flex-pack: center;
  justify-content: center;
  padding: 16px 16px;
}

.c2 {
  font-size: 24px;
}

.c3 {
  width: 100%;
}

@media (hover:hover) {
  .c8:hover {
    background-color: #cb9712;
    cursor: pointer;
  }
}

@media (max-width:1223px) {
  .c8 {
    padding: 10px 14px;
  }
}

<div
  class="c0"
  data-testid="filterbar"
>
  <p
    class="c1 c2"
  >
    Filter
  </p>
  <hr
    class="c3"
  />
  <p
    class="c1"
  >
    Marke
  </p>
  <select
    class="c4"
    data-testid="select"
    name="make"
  >
    <option
      value=""
    >
      Marke auswählen
    </option>
  </select>
  <hr
    class="c3"
  />
  <p
    class="c1"
  >
    Kategorie
  </p>
  <select
    class="c4"
    data-testid="select"
    name="category"
  >
    <option
      value=""
    >
      Kategorie auswählen
    </option>
  </select>
  <hr
    class="c3"
  />
  <p
    class="c1"
  >
    Schaltung
  </p>
  <select
    class="c4"
    data-testid="select"
    name="category"
  >
    <option
      value=""
    >
      Schaltung auswählen
    </option>
  </select>
  <hr
    class="c3"
  />
  <p
    class="c1"
  >
    Farbe
  </p>
  <select
    class="c4"
    data-testid="select"
    name="exteriorColor"
  >
    <option
      value=""
    >
      Farbe auswählen
    </option>
  </select>
  <hr
    class="c3"
  />
  <p
    class="c1"
  >
    Kraftstoff
  </p>
  <select
    class="c4"
    data-testid="select"
    name="fuel"
  >
    <option
      value=""
    >
      Kraftstoff auswählen
    </option>
  </select>
  <hr
    class="c3"
  />
  <div
    data-testid="range-select"
  >
    <p
      class="c5"
    >
      km Stand
    </p>
    <input
      class="c6"
      placeholder="von"
      type="text"
      value=""
    />
    <span
      class="c7"
    >
      -
    </span>
    <input
      class="c6"
      placeholder="bis"
      type="text"
      value=""
    />
  </div>
  <hr
    class="c3"
  />
  <div
    data-testid="range-select"
  >
    <p
      class="c5"
    >
      Leistung
    </p>
    <input
      class="c6"
      placeholder="von"
      type="text"
      value=""
    />
    <span
      class="c7"
    >
      -
    </span>
    <input
      class="c6"
      placeholder="bis"
      type="text"
      value=""
    />
  </div>
  <hr
    class="c3"
  />
  <div
    data-testid="range-select"
  >
    <p
      class="c5"
    >
      Preis
    </p>
    <input
      class="c6"
      placeholder="von"
      type="text"
      value=""
    />
    <span
      class="c7"
    >
      -
    </span>
    <input
      class="c6"
      placeholder="bis"
      type="text"
      value=""
    />
  </div>
  <hr
    class="c3"
  />
  <button
    class="c8"
    data-testid="button"
    type="submit"
  >
    <p
      class="c5"
    >
      Filter anwenden
    </p>
  </button>
</div>
`;
