// Jest Snapshot v1, https://goo.gl/fbAQLP

exports[`Header 1`] = `
"Snapshot Diff:
- First value
+ Second value

@@ -22,22 +22,22 @@
          role=\\"button\\"
          style=\\"cursor: pointer; height: 48px; position: relative; transition: 0.4s cubic-bezier(0, 0, 0, 1); user-select: none; width: 48px; outline: none;\\"
          tabindex=\\"0\\"
        >
          <div
-           style=\\"background: currentColor; height: 2px; left: 12px; position: absolute; width: 24px; top: 16px; transition: 0.4s cubic-bezier(0, 0, 0, 1); transform: none;\\"
+           style=\\"background: currentColor; height: 2px; left: 12px; position: absolute; width: 24px; top: 16px; transition: 0.4s cubic-bezier(0, 0, 0, 1); transform: rotate(-45deg) translate(-4.93px, 4.93px);\\"
          />
          <div
-           style=\\"background: currentColor; height: 2px; left: 12px; position: absolute; width: 24px; top: 23px; transition: 0.2s cubic-bezier(0, 0, 0, 1); transform: none;\\"
+           style=\\"background: currentColor; height: 2px; left: 12px; position: absolute; width: 24px; top: 23px; transition: 0.2s cubic-bezier(0, 0, 0, 1); transform: scaleX(0);\\"
          />
          <div
-           style=\\"background: currentColor; height: 2px; left: 12px; position: absolute; width: 24px; top: 30px; transition: 0.4s cubic-bezier(0, 0, 0, 1); transform: none;\\"
+           style=\\"background: currentColor; height: 2px; left: 12px; position: absolute; width: 24px; top: 30px; transition: 0.4s cubic-bezier(0, 0, 0, 1); transform: rotate(45deg) translate(-4.93px, -4.93px);\\"
          />
        </div>
      </div>
      <div
-       class=\\"sc-dlnjwi cEonZN\\"
+       class=\\"sc-dlnjwi gUNUNS\\"
      >
        <div
          class=\\"sc-jSFjdj dkKVhc\\"
        >
          <a"
`;

exports[`Header: closed 1`] = `
.c6 {
  border-bottom: transparent 0.125em solid;
  font-family: 'PT Sans',sans-serif;
  font-weight: 400;
  padding: 2px;
  -webkit-transition: border-bottom 200ms ease;
  transition: border-bottom 200ms ease;
}

.c0 {
  -webkit-align-items: center;
  -webkit-box-align: center;
  -ms-flex-align: center;
  align-items: center;
  background-color: white;
  display: -webkit-box;
  display: -webkit-flex;
  display: -ms-flexbox;
  display: flex;
  -webkit-flex-wrap: wrap;
  -ms-flex-wrap: wrap;
  flex-wrap: wrap;
  padding: 16px 48px;
}

.c4 {
  -webkit-align-items: center;
  -webkit-box-align: center;
  -ms-flex-align: center;
  align-items: center;
  display: -webkit-box;
  display: -webkit-flex;
  display: -ms-flexbox;
  display: flex;
  -webkit-box-pack: justify;
  -webkit-justify-content: space-between;
  -ms-flex-pack: justify;
  justify-content: space-between;
  position: relative;
}

.c1 {
  margin-right: auto;
}

.c2 {
  height: 48px;
}

.c5 {
  cursor: pointer;
  padding: 8px 16px;
  text-align: center;
  -webkit-text-decoration: none;
  text-decoration: none;
  -webkit-transition: all 0.3s ease-in-out;
  transition: all 0.3s ease-in-out;
}

.c3 {
  display: none;
  -webkit-flex-direction: column;
  -ms-flex-direction: column;
  flex-direction: column;
  margin-right: 16px;
}

@media (hover:hover) {
  .c6:hover {
    border-bottom: #F7B628 2px solid;
  }
}

@media (max-width:1223px) {
  .c0 {
    padding: 8px 16px;
  }
}

@media (max-width:1223px) {
  .c4 {
    -webkit-flex-direction: column;
    -ms-flex-direction: column;
    flex-direction: column;
    max-height: 0;
    overflow: hidden;
    -webkit-transition: max-height 0.3s ease-in;
    transition: max-height 0.3s ease-in;
    width: 100%;
  }
}

@media (max-width:1223px) {
  .c3 {
    display: -webkit-box;
    display: -webkit-flex;
    display: -ms-flexbox;
    display: flex;
  }
}

<div
  class="c0"
  data-testid="header"
>
  <a
    class="c1"
    href="/"
  >
    <img
      alt="FooCar Logo"
      class="c2"
      src="/logo.png"
    />
  </a>
  <div
    class="c3"
    data-testid="header-hamburger"
  >
    <div
      class="hamburger-react"
      role="button"
      style="cursor: pointer; height: 48px; position: relative; transition: 0.4s cubic-bezier(0, 0, 0, 1); user-select: none; width: 48px; outline: none;"
      tabindex="0"
    >
      <div
        style="background: currentColor; height: 2px; left: 12px; position: absolute; width: 24px; top: 16px; transition: 0.4s cubic-bezier(0, 0, 0, 1); transform: none;"
      />
      <div
        style="background: currentColor; height: 2px; left: 12px; position: absolute; width: 24px; top: 23px; transition: 0.2s cubic-bezier(0, 0, 0, 1); transform: none;"
      />
      <div
        style="background: currentColor; height: 2px; left: 12px; position: absolute; width: 24px; top: 30px; transition: 0.4s cubic-bezier(0, 0, 0, 1); transform: none;"
      />
    </div>
  </div>
  <div
    class="c4"
  >
    <div
      class="c5"
    >
      <a
        class="c6"
        href="/random"
      >
        Zuf√§lliges Inserat
      </a>
    </div>
    <div
      class="c5"
    >
      <a
        class="c6"
        href="/privacy"
      >
        Datenschutz
      </a>
    </div>
    <div
      class="c5"
    >
      <a
        class="c6"
        href="/imprint"
      >
        Impressum
      </a>
    </div>
  </div>
</div>
`;
